       Step     Time          Energy          fmax
LBFGS:    0 22:53:20    -2752.968394       30.364772
LBFGS:    1 22:53:29    -2761.009964       12.674550
LBFGS:    2 22:53:38    -2763.174546        4.506073
LBFGS:    3 22:53:48    -2763.695989        2.001804
LBFGS:    4 22:53:57    -2763.926161        0.558781
LBFGS:    5 22:54:06    -2763.994903        0.791687
LBFGS:    6 22:54:15    -2764.035616        1.133597
LBFGS:    7 22:54:24    -2764.104450        1.592743
LBFGS:    8 22:54:33    -2764.212788        2.017485
LBFGS:    9 22:54:42    -2764.306474        2.054858
LBFGS:   10 22:54:51    -2764.398031        1.681894
LBFGS:   11 22:55:00    -2764.539322        0.982968
LBFGS:   12 22:55:10    -2764.739261        1.198154
LBFGS:   13 22:55:19    -2764.785640        0.804463
LBFGS:   14 22:55:28    -2764.827748        0.564429
LBFGS:   15 22:55:37    -2764.848782        0.374870
LBFGS:   16 22:55:47    -2764.867418        0.392450
LBFGS:   17 22:55:56    -2764.877750        0.238407
LBFGS:   18 22:56:06    -2764.886331        0.231620
LBFGS:   19 22:56:15    -2764.893255        0.243478
LBFGS:   20 22:56:24    -2764.900829        0.279837
LBFGS:   21 22:56:33    -2764.907199        0.162466
LBFGS:   22 22:56:42    -2764.911378        0.137759
LBFGS:   23 22:56:51    -2764.915011        0.169533
LBFGS:   24 22:57:00    -2764.918984        0.249250
LBFGS:   25 22:57:09    -2764.922736        0.214486
LBFGS:   26 22:57:18    -2764.925700        0.103004
LBFGS:   27 22:57:27    -2764.927990        0.098267
LBFGS:   28 22:57:36    -2764.930214        0.151126
LBFGS:   29 22:57:46    -2764.932460        0.141760
LBFGS:   30 22:57:54    -2764.934370        0.106759
LBFGS:   31 22:58:04    -2764.936153        0.104123
LBFGS:   32 22:58:13    -2764.938245        0.157633
LBFGS:   33 22:58:22    -2764.940805        0.193160
LBFGS:   34 22:58:32    -2764.943741        0.163253
LBFGS:   35 22:58:41    -2764.946795        0.158675
LBFGS:   36 22:58:50    -2764.949899        0.136033
LBFGS:   37 22:59:00    -2764.953191        0.162391
LBFGS:   38 22:59:09    -2764.956412        0.179883
LBFGS:   39 22:59:19    -2764.959129        0.123526
LBFGS:   40 22:59:30    -2764.961517        0.084123
LBFGS:   41 22:59:41    -2764.963870        0.148189
LBFGS:   42 22:59:51    -2764.966290        0.159222
LBFGS:   43 23:00:01    -2764.968625        0.109748
LBFGS:   44 23:00:12    -2764.970591        0.080791
LBFGS:   45 23:00:23    -2764.972222        0.082986
LBFGS:   46 23:00:33    -2764.973872        0.127968
LBFGS:   47 23:00:43    -2764.975546        0.124533
LBFGS:   48 23:00:54    -2764.976917        0.068288
LBFGS:   49 23:01:05    -2764.977929        0.057994
LBFGS:   50 23:01:16    -2764.978587        0.111328
LBFGS:   51 23:01:26    -2764.979384        0.088373
LBFGS:   52 23:01:37    -2764.980128        0.040173
LBFGS:   53 23:01:48    -2764.980729        0.025011
LBFGS:   54 23:01:59    -2764.981029        0.036990
LBFGS:   55 23:02:10    -2764.981381        0.037262
LBFGS:   56 23:02:20    -2764.981672        0.026524
LBFGS:   57 23:02:31    -2764.981903        0.016958
LBFGS:   58 23:02:41    -2764.982052        0.014137
LBFGS:   59 23:02:52    -2764.982185        0.020508
LBFGS:   60 23:03:03    -2764.982306        0.014319
LBFGS:   61 23:03:14    -2764.982396        0.013916
LBFGS:   62 23:03:23    -2764.982456        0.008193
LBFGS:   63 23:03:32    -2764.982510        0.009684
LBFGS:   64 23:03:42    -2764.982567        0.010874
LBFGS:   65 23:03:52    -2764.982617        0.010190
LBFGS:   66 23:04:01    -2764.982651        0.006176
LBFGS:   67 23:04:11    -2764.982678        0.006019
LBFGS:   68 23:04:20    -2764.982703        0.007535
LBFGS:   69 23:04:29    -2764.982725        0.008818
LBFGS:   70 23:04:38    -2764.982741        0.005875
LBFGS:   71 23:04:48    -2764.982753        0.002952
LBFGS:   72 23:04:57    -2764.982763        0.003838
LBFGS:   73 23:05:06    -2764.982771        0.005216
LBFGS:   74 23:05:16    -2764.982776        0.003747
LBFGS:   75 23:05:26    -2764.982779        0.001505
LBFGS:   76 23:05:36    -2764.982782        0.001756
LBFGS:   77 23:05:47    -2764.982783        0.002712
LBFGS:   78 23:05:58    -2764.982784        0.002057
LBFGS:   79 23:06:09    -2764.982785        0.000945
LBFGS:   80 23:06:20    -2764.982786        0.001047
LBFGS:   81 23:06:30    -2764.982787        0.001802
LBFGS:   82 23:06:39    -2764.982787        0.001440
LBFGS:   83 23:06:49    -2764.982788        0.000643
LBFGS:   84 23:06:59    -2764.982788        0.000673
LBFGS:   85 23:07:08    -2764.982788        0.001253
LBFGS:   86 23:07:17    -2764.982789        0.001129
LBFGS:   87 23:07:28    -2764.982789        0.000527
LBFGS:   88 23:07:37    -2764.982789        0.000479
LBFGS:   89 23:07:48    -2764.982789        0.000821
LBFGS:   90 23:07:59    -2764.982789        0.000896
LBFGS:   91 23:08:09    -2764.982789        0.000489
LBFGS:   92 23:08:20    -2764.982789        0.000336
LBFGS:   93 23:08:32    -2764.982789        0.000588
LBFGS:   94 23:08:43    -2764.982789        0.000685
LBFGS:   95 23:08:54    -2764.982789        0.000453
LBFGS:   96 23:09:05    -2764.982789        0.000235
LBFGS:   97 23:09:15    -2764.982790        0.000324
LBFGS:   98 23:09:26    -2764.982790        0.000416
LBFGS:   99 23:09:37    -2764.982790        0.000279
LBFGS:  100 23:09:48    -2764.982790        0.000162
LBFGS:  101 23:10:00    -2764.982790        0.000185
LBFGS:  102 23:10:12    -2764.982790        0.000242
LBFGS:  103 23:10:24    -2764.982790        0.000162
LBFGS:  104 23:10:37    -2764.982790        0.000108
LBFGS:  105 23:10:49    -2764.982790        0.000112
LBFGS:  106 23:11:02    -2764.982790        0.000153
LBFGS:  107 23:11:13    -2764.982790        0.000111
LBFGS:  108 23:11:24    -2764.982790        0.000068
